=== M8 strong-form check log ===
script : paper9/eqs/phase1/scripts/m08_strong_form.py
python : Python 3.13.14
sympy  : 1.14.0
date   : 2026-09-22T07:01:59Z (UTC)
sha256(script, pre-run): 02a89ea982cd24c0a79b47b2e94eb3b6e05aa924b18c03f584e7987bb5ff3e7f

PASS: [C1] 1D exact variational identity (time domain, generic degree-4 polynomials): int[sigma du' + tau du'' + rho(u_ddot du + ell^2 u_ddot' du')] = - int[ {sigma' - tau'' - rho(u_ddot - ell^2 u_ddot'')} du ] + [ (sigma - tau' + rho ell^2 u_ddot') du + tau du' ]_(0,L) => strong form sigma' - tau'' = rho(u_ddot - ell^2 u_ddot'') = blueprint (31) with the minus sign VERIFIED against the d'Alembert weak form
PASS: [C2] micro-inertia boundary term (tracking M5-a): the inertial part of the boundary operator conjugate to du is +rho*ell^2*u_ddot' (= +rho*ell^2*u_ddot_i,j n_j in 3D, n=1 here); it enters the CLASSICAL-TRACTION slot, and it does NOT touch the double-traction slot
PASS: [C3] time-harmonic form (u = Re[u_hat e^{-i omega t}], so u_ddot -> -omega^2 u): residual -> sigma' - tau'' + rho omega^2 (u - ell^2 u'') and the traction -> sigma - tau' - rho omega^2 ell^2 u'  (= sigma - tau' + rho ell^2 u_ddot' : the micro-inertia boundary term is real and proportional to the normal-derivative DOF)
PASS: [C3b] same 1D identity in the time-harmonic form (independent test of the same signs)
PASS: [C4] energy consistency: W_g = (1/2) tau_ijk eta_ijk for tau_ijk = (1/10) L_kn C_ijpq eta_pqn (the double stress used below is the gradient of the locked energy, not an independent ansatz)
PASS: [C5] tensor symmetries used by the integration by parts: tau_ijk = tau_jik (permits replacing delta eta_ijk = (1/2)(v_i,jk + v_j,ik) by v_i,jk) and sigma_ij = sigma_ji
PASS: [C6] 2D raw integration-by-parts identity on the unit square, verified for all 50 monomial test fields (v1 and v2 independently): int[sigma:eps(v) + tau:eta(v) - rho omega^2 (u.v + ell^2 grad u : grad v)] + int[residual . v] = surface integral of { (sigma_ij n_j - tau_ijk,k n_j - rho omega^2 ell^2 u_i,j n_j) v_i + tau_ijk n_k v_i,j } with residual_i = sigma_ij,j - tau_ijk,jk + rho omega^2 (u_i - ell^2 u_i,jj)  -- signs VERIFIED (fails for: [])
PASS: [C7] flat-edge chain rule (pointwise, all four edges): v_i,j = n_j D v_i + m_j d_s v_i with D = n.grad (normal derivative) and m the edge co-normal (tangential derivative) -- the basis of the four-quantity split
PASS: [C8] tangential redistribution: on each flat edge the raw tangential term splits as int f d_s v_i ds = - int (d_s f) v_i ds + [f v_i]_start^end ; verified for all edges with the CCW co-normal convention. Consequences: (i) the tangential redistribution modifies ONLY the classical-traction slot t_i (by -d_s q_i), (ii) it leaves the double traction R_i untouched, (iii) the endpoint pieces assemble into the corner/line-force terms [[q_i]] of the Mindlin-Toupin boundary operator (FEM_1 Sec 4/5)
PASS: [C9] isotropic length L = ell_L^2 I: tau_ijk = (1/10) ell_L^2 C_ijpq eta_pqk, i.e. the length tensor contracts the gradient index with the third (free) index of tau -- the M4 result reproduced for the isotropic-length member
PASS: [C10] isotropic-length limit reproduces the classical fourth-order gradient operator: tau_ijk,jk = (1/10) ell_L^2 laplacian(sigma_ij),j , hence the strong form becomes (1 - (ell_L^2/10) LAPLACIAN) sigma^cl_ij,j + rho u_i_ddot - rho ell^2 u_i_ddot,jj = 0 (matching FEM_1 Eq (22) for ell = 0), and the operator is fourth order with one extra boundary condition per side (FEM_1 Sec 4)
PASS: [C11] factor provenance of the (1/10) and consistency with M4 / F1: 1/10 = (1/2) * (1/5) with 1/5 = the moment factor (1/|V|) int xi_i xi_j dV (M1) and 1/2 = the symmetric-pair factor (F2); the isotropic-length member of the implemented modulus is (a_1..a_5) = (0, 0, lambda ell_L^2/20, mu ell_L^2/10, 0) (M4, re-derived independently in the F1 audit); the energy identity W_g = (1/20) ell_L^2 C_ijkl eta_ijm eta_klm holds after substitution
PASS: [C12] classical elasticity limit (L -> 0 AND ell -> 0): tau -> 0 identically (all 8 components), so R_i -> 0 and the higher-order boundary data disappear; the strong form reduces to the Navier equation sigma^cl_ij,j = rho u_i_ddot (time domain) / sigma^cl_ij,j + rho omega^2 u_i = 0 (time harmonic) and the boundary operator to the classical traction sigma^cl_ij n_j
PASS: [C13] zero-gradient limit (L -> 0, ell > 0): double-stress and higher-order boundary terms vanish (tau = 0, R_i = 0) while the micro-inertia operator survives: sigma^cl_ij,j + rho omega^2 (u_i - ell^2 u_i,jj) = 0 with the inertial boundary term -rho omega^2 ell^2 u_i,j n_j in the traction slot; the only higher-order boundary data left are the essential normal-derivative values (Hermite DOFs)
PASS: [C14] zero-micro-inertia limit (ell = 0, L != 0): the inertial operator becomes rho u_i_ddot (rho omega^2 u_i in the harmonic form) while the double-stress terms, the traction slot (with the tangential redistribution -d_s q_i) and R_i are untouched -- this is the limit used in the M7(iii) unbounded-phase-velocity statement and it coincides with the legacy strong form FEM_1 Eq (22) for ell = 0
PASS: [C15] dimension: strong form, time domain  [blueprint (31)]: sigma_ij,j ; tau_ijk,jk ; rho u_ddot_i ; rho ell^2 u_ddot_i,jj  -> [(1, -2, -2), (1, -2, -2), (1, -2, -2), (1, -2, -2)] (expected (1, -2, -2))
PASS: [C15] dimension: strong form, time harmonic  [u_ddot -> -omega^2 u]: sigma_ij,j ; tau_ijk,jk ; rho omega^2 u_i ; rho omega^2 ell^2 u_i,jj  -> [(1, -2, -2), (1, -2, -2), (1, -2, -2), (1, -2, -2)] (expected (1, -2, -2))
PASS: [C15] dimension: traction slot t_i: sigma_ij n_j ; tau_ijk,k n_j ; rho ell^2 u_ddot_i,j n_j (M5-a)  -> [(1, -1, -2), (1, -1, -2), (1, -1, -2)] (expected (1, -1, -2))
PASS: [C15] dimension: traction-slot tangential redistribution: -d_s q_i with q_i = tau_ijk n_k m_j (q_i is itself a Pa m quantity; its tangential derivative is a Pa traction term)  -> [(1, -1, -2)] (expected (1, -1, -2))
PASS: [C15] dimension: double-traction slot: R_i = tau_ijk n_j n_k ; tangential double traction q_i = tau_ijk n_k m_j ; corner line force e_i = [[q_i]]  -> [(1, 0, -2), (1, 0, -2), (1, 0, -2)] (expected (1, 0, -2))
PASS: [C15] dimension: surface work (each term must be J/m^2 = (1,0,-2)): t_i v_i ; R_i D v_i ; q_i d_s v_i  -> [(1, 0, -2), (1, 0, -2), (1, 0, -2)] (expected (1, 0, -2))
PASS: [C15] dimension: interface jumps [t_i] and [R_i] carry the dimensions of t_i and R_i (natural interface conditions [t] = 0, [R] = 0)  -> [(1, -1, -2), (1, 0, -2)] (each jump vector carries the dimension of its own slot)
PASS: [C15] dimension: [R_i] = [tau_ijk n_j n_k] = Pa m = (1,0,-2) and [t_i] = Pa = (1,-1,-2): the two boundary slots are dimensionally distinct, exactly as required by their conjugate DOFs (value DOF v_i and normal-derivative DOF D v_i) -- note [R_i v_i] and [t_i v_i] both equal J/m^2, the boundary part of the weak form
   (kg,m,s) basis: [Pa]=(1,-1,-2), [rho]=(1,-3,0), [ell]=(0,1,0), [L]=(0,2,0), [tau]=Pa m=(1,0,-2); every equation above asserted term-by-term homogeneity
PASS: [C16] two-layer (bilayer) interface identity, exact signs: for a C^1 test field the sum of the two layer identities gives  sum_layers int residual_l du  =  (outer boundary terms at x=0 and x=1) + [ (t^A - t^B) du + (R^A - R^B) du' ] at the interface. In the absence of prescribed interface data the interface term must vanish for arbitrary C^1 fields, i.e. the natural interface conditions are t^A = t^B and R^A = R^B, while the C^1 test fields themselves enforce [u] = 0 and [u'] = 0 (essential)
PASS: [C17] interface data count: four conditions per interface per direction (u continuous, normal derivative continuous, traction continuous, double traction continuous) -- consistent with the fourth-order strong form in each layer and with the C^1 Hermite DOF set (value + first-derivative DOFs) used by the Phase-1 FE discretisation
   interface conditions: [u_i] = 0, [u_i,j n_j] = 0 (essential) ; [t_i] = 0, [R_i] = 0 (natural)

ALL 25 CHECKS PASSED - M8 (strong form, natural/essential boundary operator, micro-inertia boundary term, limit reductions, dimensional audit, interface conditions)

sha256(script, post-run): 02a89ea982cd24c0a79b47b2e94eb3b6e05aa924b18c03f584e7987bb5ff3e7f
