=== M10 IBZ path check log ===
script : paper9/eqs/phase1/scripts/m10_ibz_path.py
python : Python 3.13.14
sympy  : 1.14.0
date   : 2026-09-22T09:54:20Z (UTC)
sha256(script, pre-run): ed2707064151d4bc5a953cc23d7f1b880ff90d54c544a3a572cf81a51a2ad0ab

--- P. path Gamma-X-M-Gamma (blueprint (44)): parametrisation, arc length, sampling
PASS: [P1] (44) path = three affine legs k(t) = A + (B - A) t, t in [0,1]: Gamma(0,0) -> X(pi/L,0) -> M(pi/L,pi/L) -> Gamma; endpoints match the M9 high-symmetry points and the legs are continuous (end of leg i = start of leg i+1), closed (ends at Gamma)
PASS: [P2] arc lengths: |Gamma X| = pi/L, |X M| = pi/L, |M Gamma| = sqrt(2) pi/L; total (2 + sqrt 2) pi/L; the third leg is the BZ half-diagonal (dimension 1/m each)
PASS: [P3] arc-length abscissa s: s(Gamma)=0, s(X)=pi/L, s(M)=2 pi/L, s(Gamma')=(2+sqrt2) pi/L; in the M11 variable kbar = kL/pi the abscissa is dimensionless with breakpoints 0, 1, 2, 2+sqrt2
PASS: [P4] every leg lies in the closed first BZ (components affine in t, |k_i| <= pi/L at both ends, hence on the whole leg by convexity; rational grid corroborates); the legs X-M and the point M lie ON the BZ boundary (k_1 = pi/L), Gamma-X and M-Gamma in the interior except at their endpoints
PASS: [P5] sampling rule (structure only; N_seg = TV4, kept symbolic): k_j = A + (B-A) j/N_seg, j = 0..N_seg on each leg; uniform in arc length WITHIN a leg, spacing pi/(L N_seg) on Gamma-X and X-M and sqrt2 pi/(L N_seg) on M-Gamma (not uniform ACROSS legs unless N_seg is scaled by leg length -- a choice for TV4, recorded); 3 N_seg + 1 path nodes, 3 N_seg distinct k
PASS: [P6] phases along the path (M9 mu_alpha = e^{i k.a_alpha}): Gamma-X: mu_y = 1, mu_x = e^{i pi t}; X-M: mu_x = -1, mu_y = e^{i pi t}; M-Gamma: mu_x = mu_y = e^{i pi (1-t)}. Unimodular everywhere (real k), so the M15-a pair Kbar^H = Kbar, Kbar(-k) = conj Kbar(k) holds at every sample; the tying is REAL only at Gamma (both phases 1), X and M (phases +-1)
--- S. plane-wave dispersion of the locked operator (Case H) and the symmetry group vs (theta, AR)
PASS: [S1] DERIVED Case-H (homogeneous) plane-wave problem from the M8 strong form (O1) with the M9 ansatz u = a e^{i(k.x - omega t)}, anisotropic (26): the residual equals -H(k) a with H(k) = (1 + k.L.k/10) Gamma_cl(k) - rho omega^2 (1 + ell^2 |k|^2) I, Gamma_cl the classical isotropic acoustic tensor. The length tensor enters ONLY through the quadratic form k.L.k = L11 k1^2 + 2 L12 k1 k2 + L22 k2^2 (the 2 L12 mixed term of M2)
PASS: [S1b] k.L.k expanded = (l1^2 cos^2 th + l2^2 sin^2 th) k1^2 + 2 (l1^2 - l2^2) sin th cos th k1 k2 + (l1^2 sin^2 th + l2^2 cos^2 th) k2^2 -- coefficients are blueprint (7)-(8); the mixed coefficient vanishes iff theta in {0, 90} or l1 = l2
PASS: [S2] dispersion branches (exact): omega_L^2 = (lam+2mu)/rho |k|^2 (1 + k.L.k/10)/(1 + ell^2|k|^2), omega_T^2 = mu/rho |k|^2 (1 + k.L.k/10)/(1 + ell^2|k|^2); polarisations k (L) and k_perp (T) exactly as classically -- the anisotropy of L scales both branches by the SAME direction-dependent factor (1 + k.L.k/10) and does not rotate the polarisation
PASS: [S3] dimensions: k.L.k and ell^2 |k|^2 are dimensionless ([L] = m^2, [k] = 1/m, [ell] = m); omega^2 carries (Pa / (kg m^-3)) m^-2 = m^2 s^-2 m^-2 = s^-2. Both correction factors are pure numbers, so the anisotropic factor cannot mix with the micro-inertia factor dimensionally
PASS: [S4] lattice point group: all 8 elements of C4v map the square BZ onto itself and permute {X, Y, -X, -Y} and {M, M', -M, -M'}; the CLASSICAL isotropic dispersion (L = 0) is invariant under all 8 (and under every rotation)
PASS: [S5] SYMMETRY GROUP OF THE LOCKED ANISOTROPIC OPERATOR (derived from omega(Qk) = omega(k) with Q running over C4v): AR = 1 (l1 = l2): all 8 -> C4v; theta = 0 (or 90) with l1 != l2: {I, -I, sigma_x, sigma_y} = C2v(axes), order 4; theta = 45: {I, -I, sigma_d, sigma_d'} = C2v(diagonals), order 4; GENERIC theta with l1 != l2: {I, -I} only, order 2. Found: iso=8, th0=['I', '-I (inversion)', 'sigma_x (k2 -> -k2)', 'sigma_y (k1 -> -k1)'], th45=['I', '-I (inversion)', 'sigma_d (k1 <-> k2)', "sigma_d' (k1 <-> -k2)"], generic=['I', '-I (inversion)']
PASS: [S6] the algebraic criterion: omega(Qk) = omega(k) for all k  <=>  Q L Q^T = L (the classical factor |k|^2, Gamma_cl and ell^2|k|^2 are invariant under every orthogonal Q, so only the quadratic form k.L.k can break the symmetry). Verified: for each Q in C4v the invariance found in [S5] coincides with Q L Q^T - L = 0 at theta = 0, 45 and generic
PASS: [S7] IRREDUCIBLE ZONE (for a cell whose geometry shares the operator symmetry): area = |BZ|/|G|: AR = 1 -> |BZ|/8 = the triangle Gamma-X-M (M9 [L10]); theta = 0 or 45 with AR != 1 -> |BZ|/4 (a quarter square, resp. a half-triangle pair); generic theta -> |BZ|/2 (a half BZ, inversion only). The triangle Gamma-X-M is the IBZ ONLY in the isotropic case
PASS: [S8] CONSEQUENCE FOR THE PATH (44): with l1 != l2, (i) at theta = 0: omega(X) != omega(Y) -- difference proportional to (l1^2 - l2^2); the legs Gamma-X and Gamma-Y are INEQUIVALENT, so Gamma-X-M-Gamma omits Gamma-Y and Y-M; (ii) at theta = 45: omega(M) != omega(M'), M' = (pi/L, -pi/L); Gamma-M and Gamma-M' inequivalent; (iii) at generic theta both inequivalences hold simultaneously
PASS: [S9] what the path DOES cover correctly: (a) at AR = 1 the three legs are the full boundary of the IBZ triangle (all C4v images of the path tile the BZ boundary + diagonals); (b) for every (theta, AR) the path is a valid set of k-points (inside the BZ, unimodular phases), so partial gaps ALONG the path are well defined; (c) complete gaps ('over the whole IBZ', blueprint 3.5) require the irreducible zone of [S7], i.e. at least the half BZ for generic theta
--- T. evenness in k (M15-a pair), M7 ladder, M9 covariance, T4 reference role
PASS: [T1] time-reversal evenness omega^2(-k) = omega^2(k) holds for EVERY (theta, AR) -- this is exactly the spectral content of the M15-a locked pair (Kbar^H = Kbar, Kbar(-k) = conj Kbar(k) => charpoly even in k) and is why -I is always in the group [S5]; the half-BZ reduction is thus guaranteed by the operational formulation; any further reduction needs a genuine mirror of L
PASS: [T2] the closed form is NOT invariant under the literal blueprint (68) requirement in any sense relevant here: (68) concerns realness of Kbar, not the spectrum; the spectral statement omega(k) = omega(-k) already follows from [T1]. Recorded for M15: dispersion symmetry must be quoted from the pair, never from (68)
PASS: [T3] M7 LADDER: (i) classical: omega_T^2 = mu k^2/rho (non-dispersive, isotropic); (ii) AR = 1: the factor becomes 1 + l^2 |k|^2/10, theta drops out (rotational invariance -> test 5c); (iii) ell -> 0: omega^2 ~ |k|^4 -> unbounded phase velocity (M16/App. A); (iv) theta -> theta+90 with l1 <-> l2 leaves k.L.k, hence both branches, unchanged (blueprint (30))
PASS: [T4] 1D reduction (k = (k,0), theta = 0) reproduces the M7 structural check v^2 = (C/rho)(1 + l1^2 k^2/10)/(1 + ell^2 k^2) with C = lam + 2 mu (L branch), and the 1D Hermite-cell reference used in the M15-a audit (E, g2 = l^2/10, ell = 0) is its special case
PASS: [T5] consistency with M9 (T5)/[B9a]: the envelope route with d -> +ik on a uniform envelope gives the same -H(k) a; the opposite sign d -> -ik gives the same H here as well (M9 [B9b]: unobservable at q = 0, even operator) -- so the Case-H closed form cannot fix the k-shift sign; that is done by M9 [B8]/[B9b] and, at the discrete level, by the M15-a test T3
PASS: [T6] ROLE AS THE M15-a T4 REFERENCE (interior k): the closed forms [S2] are the Layer-3 analytic reference for Case H at any interior k of the path (44); they are k-even [T1] but NOT G-periodic (omega grows with |k|), whereas the discrete Bloch problem is G-periodic by construction (T(k+G) = T(k), M9 [L11]) -- so the discrete bands equal the FOLDED continuum branches; comparison must fold k into the first BZ before comparing (recorded for P2.1/M15)
--- Q. M7-b re-check
PASS: [Q1] M7-b, Case H: (a) omega(theta+90; l1,l2)(k) = omega(theta; l2,l1)(k) exactly -- this is the material identity (30) and needs NO cell symmetry; (b) omega(theta+90; l1,l2)(k) = omega(theta; l1,l2)(R90 k) exactly for the homogeneous medium -- for Case C this second form additionally requires the cell (lattice + centred circular inclusion) to be C4-invariant, which the square cell with a centred circular inclusion is; the k-space image of the path under R90 is Gamma-Y-M'-Gamma, NOT Gamma-X-M-Gamma. Test 5e must therefore compare omega(theta+90, l1, l2) on Gamma-X-M-Gamma with omega(theta, l2, l1) on the SAME path (form a), or with omega(theta, l1, l2) on the ROTATED path (form b) -- not on the same path with the same L

ALL 23 CHECKS PASSED - M10 (path (44) parametrised/sampled with N_seg symbolic; Case-H dispersion derived from (O1)+(26)+M9 ansatz; symmetry group vs (theta, AR) derived; irreducible zone = |BZ|/|G|; path inequivalences established; M15-a pair = k-evenness; M7 ladder; M7-b re-checked). FLAG M10-a: Gamma-X-M-Gamma is the IBZ boundary only for AR = 1 -- see derivation record.
