=== M12 observables check log ===
script : paper9/eqs/phase1/scripts/m12_observables.py
python : Python 3.13.14 / sympy 1.14.0
date   : 2026-09-22T11:03:34Z
sha256(script): aebef5a5a2245377919509b1c996bccee599a394a0fec9dd838473de978f5180

PASS: [B1] (48) reality: for K(k)^H = K(k) (M15-a) and M(k) = M^H > 0 the eigenvalues ombar_n^2 of M^{-1}K are REAL (generic phase model, discriminant of the characteristic polynomial >= 0 and real)
PASS: [B2] (48) BZ periodicity: K(k + G) = K(k) for reciprocal vectors G = (2 pi/L) n (e^{i G.a} = 1), hence ombar_n(k + G) = ombar_n(k); band functions live on the torus and the BZ is a fundamental domain
PASS: [B3] (48) k-evenness: K(-k) = conj K(k) (M15-a pair) => spectrum(-k) = conj spectrum(k) = spectrum(k); the invalid identity K(k) = K(-k)^H is NOT used (it would be an additional, false, constraint)
PASS: [B4] (48) labelling: with ombar_1 <= ombar_2 <= ... (sorted eigenvalues, multiplicity counted) the band functions are continuous on the torus (eigenvalues of a continuous Hermitian family), so min/max over any compact k-set exist -- the prerequisite of (49); at a crossing the sorted labels are continuous but not differentiable (Case H: omega_L/omega_T = sqrt((lambda+2mu)/mu) constant > 1, no crossing)
PASS: [B5] (48) in M11 variables: ombar_n(kbar) := omega_n(pi kbar/L)/omega_0 -- the barred band of the barred operator (M11 [D2]); Case-H check ombar_T^2(kbar) = pi^2 |kbar|^2 (1 + pi^2 kbar.Lbar.kbar/10)/(1 + pi^2 ellbar^2 |kbar|^2)
PASS: [G1] (49) definition well posed and MONOTONE: on nested sets leg subset path subset zone, min decreases and max increases (nested BZ-boundary sets half(X-M) < X-M < X-M u Y-M; band omega_T^2, exact rational Case-H model, theta = 0, l1 > l2): hence Delta[leg] >= Delta[path] >= Delta[complete] -- a path gap is an upper bound, never a proof, of a complete gap
PASS: [G2] (49) complete gap under v1.3 wording 'over the whole IBZ' = extremum over the irreducible zone of the ACTUAL symmetry group (M10-a): equal to the full-BZ extremum because ombar_n(Qk) = ombar_n(k) for Q in G and ombar_n(k+G) = ombar_n(k); demonstrated: min over quarter zone [0,pi]^2 = min over the full BZ grid (C2v at theta = 0)
PASS: [G3] (49) the IBZ of S3.3 (triangle Gamma-X-M) is NOT the irreducible zone of the actual group for AR != 1 (M10-a Z8): under v1.3 the 'complete' gap therefore has a correct DEFINITION (S3.5) but no locked SAMPLING protocol; that protocol is the pending amendment -> BLOCKED here, not executed
PASS: [G4] (49) width Delta = ombar_hi - ombar_lo, mid-frequency ombar_mid = (ombar_hi + ombar_lo)/2, normalised width Delta/ombar_mid: the normalised width is INVARIANT under any change of frequency scale omega_0 (ratio), the width and mid-frequency scale as 1/omega_0 (dimensional -> barred: divide by omega_0)
PASS: [G5] (49) S_theta = max_theta |d Delta/d theta| / max_theta Delta is invariant under omega_0 rescaling (Delta -> c Delta cancels) but its NUMERICAL value depends on the angle unit (per radian vs per degree, factor 180/pi) and on the difference scheme used on the 7-point theta grid -> TV16 (no choice made)
PASS: [G6] (49) 'gaps require periodic contrast (Case C only)' (plan row M12): Case-H bands are single-valued monotone functions of |k| per direction (d omega_T^2/d|k| > 0 for the exact model along X-M and Y-M), the empty-lattice folding creates degeneracies at the zone boundary but no gap -- consistent with S3.5 STR statement
PASS: [P1] (50) phase velocity is a BRANCH- and DIRECTION-dependent scalar v_p,n(k) = omega_n(k)/|k| (vector v_p = v_p khat); for the anisotropic operator v_p,T depends on phi through khat.L.khat = l1^2 cos^2(phi-theta) + l2^2 sin^2(phi-theta) -- a single scalar k is insufficient (TV15 stays open; no definition chosen)
PASS: [P2] (50) units and barred form: [v_p] = m/s; vbar_p,n = v_p,n/sqrt(mu/rho) = ombar_n/(pi kbar) (M11 (47)); isotropic classical limit vbar_T = 1, vbar_L = sqrt(lambda/mu + 2)
PASS: [V1] (51) v_g = grad_k omega is a VECTOR; it is odd under k -> -k (k-evenness of omega) and transforms covariantly under the symmetry group: v_g(Qk) = Q v_g(k) for Q with Q L Q^T = L (checked with sigma_x at theta = 0)
PASS: [V2] (51) deviation delta = angle(v_g) - angle(k): the transverse component khat x v_g equals |k| d(omega)/d(phi)/|k|^2 ... i.e. khat x v_g = (1/|k|) d omega/d phi (polar identity), it vanishes identically for AR = 1 (delta = 0, v_g || k) and is non-zero for l1 != l2 at generic phi
PASS: [V3] (51) longitudinal component khat . v_g = d omega/d|k| (radial derivative); classical isotropic limit v_g = sqrt(mu/rho) khat = v_p (non-dispersive); with l, ell != 0 v_g != v_p (dispersive)
PASS: [V4] (51) barred form: v_g = sqrt(mu/rho) (1/pi) grad_kbar ombar (M11 [D7]); delta is invariant under the scaling (ratio of two components scaled by the same factor)
PASS: [F1] (52) ENERGY-BALANCE IDENTITY derived and verified exactly for arbitrary 2-D fields: d(W+T)/dt + div S = -udot_i R_i, with R_i the M8 strong-form residual; hence on solutions (R = 0) d(W+T)/dt + div S = 0 with the flux S_j = -[(sigma_ij - tau_ijk,k) udot_i + tau_imj udot_i,m + rho ell^2 uddot_i,j udot_i]
PASS: [F2] (52) structure of the flux: classical term -(sigma_ij udot_i); DOUBLE-STRESS terms +tau_ijk,k udot_i - tau_imj udot_i,m (the 'extra Poynting term' the blueprint warns about); and a MICRO-INERTIA term -rho ell^2 uddot_i,j udot_i that vanishes for ell = 0 -- all three are required for the identity (dropping any one breaks it)
PASS: [F3] (52) units: [sigma udot] = Pa m/s = W/m^2; [tau udot,m] = (Pa m)(1/s) = W/m^2; [rho ell^2 uddot,j udot] = kg m^-3 m^2 (m s^-2 m^-1)(m s^-1) = W/m^2; [W], [T] = J/m^3; so <S>/<W+T> has units m/s as v_g
PASS: [F4] (52) IDENTITY v_g = <S>/<W+T> verified EXACTLY on the locked Case-H transverse plane wave for generic anisotropic (theta, l1, l2, ell) and generic k: time-averaged flux over time-averaged energy density equals grad_k omega_T componentwise, including the transverse (steering) component
PASS: [F5] (52) energy partition on the same wave: <T> = <W> (virial-type equipartition holds on-shell), and the gradient parts are the fractions <W_g>/<W> = (k.L.k/10)/(1 + k.L.k/10), <T_g>/<T> = ell^2|k|^2/(1 + ell^2|k|^2)

TOTAL 22  PASS 22  FAIL 0
