=== M13 BFS shape-function check log ===
script : paper9/eqs/phase1/scripts/m13_bfs_shape.py
python : Python 3.13.14 / sympy 1.14.0
date   : 2026-09-22T11:20:13Z
sha256(script): a23ad732882dd6ea89b22bf525fa725f9af3ef7f34e8840b2057df7eff0ffa8c

PASS: [S1] (53) 1-D cubic Hermite basis: Kronecker property on {value, physical slope} x {s=0, s=h}; the slope functions carry the factor h (derivative DOFs are physical derivatives, units of u per length)
PASS: [S2] (53) 1-D completeness: exact reproduction of every cubic p(s) = c0 + c1 s + c2 s^2 + c3 s^3 by p(0) H0 + p'(0) H1 + p(h) H2 + p'(h) H3 (hence C^1 elements of degree 3 in each direction)
PASS: [S3] (53)/(56) 16 scalar BFS functions satisfy the full Kronecker property: D_type' N_(node,type) at node' = delta_(node,node') delta_(type,type') for all 4 nodes x 4 types {u, u,x, u,y, u,xy} (256 conditions)
PASS: [S4] (53) span = Q3 (bicubic, 16 monomials x^a y^b, a,b <= 3): the 16 functions are linearly independent and reproduce any bicubic field with its nodal value/derivative data exactly (interpolation patch test)
PASS: [S5] (56) partition of unity: sum of the 4 value functions = 1; the value functions reproduce x and y together with the derivative functions (linear completeness; rigid-body and constant-strain fields exact)
PASS: [S6] (56) C^0: on the edge x = h_x the trace of every function of nodes 1,4 (off-edge) vanishes; the trace of node-2/3 functions is the 1-D Hermite in y (depends on u, u,y only); tangential-derivative data u,y is consistent automatically
PASS: [S7] (56) C^1: on the edge x = h_x the NORMAL derivative u,x of every off-edge function vanishes, and for edge nodes it is the 1-D Hermite in y carried by the u,x and u,xy DOFs -- so u and u,x are continuous across the edge iff the shared nodal {u, u,x, u,y, u,xy} coincide: the mixed DOF is REQUIRED for C^1 (drop it and the normal-derivative trace is no longer interpolated)
PASS: [S8] (56) same on the edge y = h_y (nodes 3,4 vs neighbour above): C^0 and C^1 in the normal direction y; H^2-conformity follows (piecewise Q3, C^1 => u in H^2 on the mesh); second derivatives are discontinuous across edges (u,xx jumps), which is admissible for the fourth-order operator
PASS: [B1] (54) B (3 x 32) is exactly the operator of the locked pair vector q = (eps11, eps22, eps12) with the TENSOR shear eps12 = (u1,y + u2,x)/2 (not gamma12): rows are [N,x ; 0], [0 ; N,y], [N,y ; N,x]/2
PASS: [B2] (55) B_,i := d B/dx_i (3 x 32 each) gives the strain-gradient pairs eta_(..)i = q_,i (M3 (11)): B_,x d = q,x and B_,y d = q,y; symmetry eta_ijk = eta_jik inherited; compatibility (B_,x)_,y = (B_,y)_,x
PASS: [B3] derivative orders / polynomial degrees (computed): N in Q3 (total degree 6, per direction 3); B entries total degree 5 (per direction <= 3); B_,x entries total degree 4, degree 2 in x and 3 in y -> integrands: N^T N total 12 (6 per direction), B^T G B total 10 (per direction <= 6), B_,i^T G B_,j total 8 (per direction <= 6); input to the M14 quadrature rule -- the blueprint phrase 'second derivatives of cubics => up to quartic' is NOT the degree of the product integrand
PASS: [B4] rigid-body modes (2 translations + 1 rotation) are in the null space of B identically in (x,y): B d_rigid = 0 as polynomials; constant-strain fields (linear u) are in the null space of both B_,i
PASS: [B5] (55) quadratic fields are reproduced with EXACT constant strain gradients (Q3 contains P2): B_,x d_quad and B_,y d_quad equal the analytical eta for u = (x^2, x y) everywhere
PASS: [U1] units (physical-derivative DOFs): N_value dimensionless, N_(u,x),N_(u,y) ~ length, N_(u,xy) ~ length^2; B entries 1/m, 1/1, m for the three DOF types respectively (so that q is dimensionless), B_,i one power of 1/m more; scaling h -> c h multiplies the type-k function by c^k
PASS: [U2] coordinate mapping: rectangle -> affine map from (xi,eta) in [-1,1]^2, x = h_x (1+xi)/2, constant Jacobian J = h_x h_y / 4, d/dx = (2/h_x) d/dxi; no isoparametric distortion is admissible for BFS (C^1 is lost on non-rectangular/non-affine maps) -> the cell must be meshed by axis-aligned rectangles
PASS: [U3] element-matrix STRUCTURE inherited from M13 objects (values are M14): for any symmetric G, B^T G B and sum_ij L_ij B_,i^T G B_,j (L symmetric) are symmetric integrands; N^T N is symmetric PSD; the 16 scalar functions are linearly independent so the consistent mass Gram matrix is positive definite
PASS: [P1-Gamma] M9 phase on ALL four DOF types => on the periodic edges u(L,y) = mu_x u(0,y), u,x(L,y) = mu_x u,x(0,y), u(x,L) = mu_y u(x,0), u,y(x,L) = mu_y u,y(x,0) hold IDENTICALLY in the edge coordinate for generic complex DOFs, at k = Gamma (mu_x, mu_y) = (1, 1)
PASS: [P1-X] M9 phase on ALL four DOF types => on the periodic edges u(L,y) = mu_x u(0,y), u,x(L,y) = mu_x u,x(0,y), u(x,L) = mu_y u(x,0), u,y(x,L) = mu_y u,y(x,0) hold IDENTICALLY in the edge coordinate for generic complex DOFs, at k = X (mu_x, mu_y) = (-1, 1)
PASS: [P1-M] M9 phase on ALL four DOF types => on the periodic edges u(L,y) = mu_x u(0,y), u,x(L,y) = mu_x u,x(0,y), u(x,L) = mu_y u(x,0), u,y(x,L) = mu_y u,y(x,0) hold IDENTICALLY in the edge coordinate for generic complex DOFs, at k = M (mu_x, mu_y) = (-1, -1)
PASS: [P1-generic] M9 phase on ALL four DOF types => on the periodic edges u(L,y) = mu_x u(0,y), u,x(L,y) = mu_x u,x(0,y), u(x,L) = mu_y u(x,0), u,y(x,L) = mu_y u,y(x,0) hold IDENTICALLY in the edge coordinate for generic complex DOFs, at k = generic (mu_x, mu_y) = (exp(3*I*pi/7), exp(2*I*pi/5))
PASS: [P2] NEGATIVE CONTROL (generic interior k): phase on value DOFs only (derivative DOFs tied with phase 1) breaks the normal-derivative condition u,x(L,y) = mu_x u,x(0,y) (and even the value trace, since u,y enters it): the derivative-DOF phase is not optional
PASS: [P3] NEGATIVE CONTROL (generic interior k): conjugate/inverse phase on the x-derivative DOFs fails; at Gamma, X, M (mu real) this wrong tying is INVISIBLE (mu = conj mu) -- high-symmetry points alone cannot validate the phase (M15-a F4a)
PASS: [P4] the tying is x-independent and multiplicative (M9 (43)): phasing the DOF vector by a constant mu phases the interpolated field and all its derivatives by the same mu (linearity of N); the M15-a identities are properties of the reduced matrices (M15), not of the element -- nothing about K(k) = K(-k)^H is used or implied here
PASS: [A1] assembly compatibility: a 2x2 patch of elements sharing node 3 of element (1,1): the 8 DOFs of the shared node are the SAME physical quantities {u_c, u_c,x, u_c,y, u_c,xy} in all four elements (Kronecker property is coordinate-based, physical derivatives) -> direct scatter-add with one global DOF per (node, comp, type); for an n x n mesh of the L x L cell: 8 (n+1)^2 DOFs before periodicity, 8 n^2 after Bloch tying (n = 1: 32 -> 8)

TOTAL 24  PASS 24  FAIL 0
