Phase A: assembly equivalence vs the frozen reference (42 cases x 2 k-points)
  n = 16 worst |assembly - frozen| = 1.137e-13
  n = 8  worst |assembly - frozen| = 2.842e-14
Phase B/C/D at n = 16: 42 cases (2 already recorded, 40 to compute)
  n=16 AR_1_th_30   B(path) 1.25e-06 B(grid) 5.33e-13 extra 1/1 C(max|d|) 3.14e-13 C(neighbour better) 9 D 1 [52 dense, 253 s]
  n=16 AR_1_th_45   B(path) 6.60e-07 B(grid) 6.41e-13 extra 1/1 C(max|d|) 2.83e-13 C(neighbour better) 9 D 1 [53 dense, 256 s]
  n=16 AR_1_th_60   B(path) 3.01e-07 B(grid) 5.06e-13 extra 1/1 C(max|d|) 1.40e-13 C(neighbour better) 9 D 1 [52 dense, 232 s]
  n=16 AR_1_th_75   B(path) 1.25e-06 B(grid) 5.33e-13 extra 1/1 C(max|d|) 3.14e-13 C(neighbour better) 9 D 1 [52 dense, 247 s]
  n=16 AR_1_th_90   B(path) 5.95e-07 B(grid) 4.36e-13 extra 1/1 C(max|d|) 2.16e-13 C(neighbour better) 9 D 1 [52 dense, 236 s]
  n=16 AR_2_th_0    B(path) 6.16e-07 B(grid) 7.56e-13 extra 1/0 C(max|d|) 3.94e-13 C(neighbour better) 11 D 1 [53 dense, 236 s]
  n=16 AR_2_th_15   B(path) 3.90e-13 B(grid) 2.72e-13 extra 0/0 C(max|d|) 2.85e-13 C(neighbour better) 12 D 0 [57 dense, 259 s]
  n=16 AR_2_th_30   B(path) 1.36e-07 B(grid) 6.21e-13 extra 0/0 C(max|d|) 1.81e-13 C(neighbour better) 12 D 1 [57 dense, 261 s]
  n=16 AR_2_th_45   B(path) 4.87e-07 B(grid) 4.27e-13 extra 0/0 C(max|d|) 1.57e-13 C(neighbour better) 9 D 0 [56 dense, 259 s]
  n=16 AR_2_th_60   B(path) 6.35e-13 B(grid) 6.35e-13 extra 0/0 C(max|d|) 2.97e-13 C(neighbour better) 11 D 0 [57 dense, 258 s]
  n=16 AR_2_th_75   B(path) 7.69e-07 B(grid) 4.18e-13 extra 0/0 C(max|d|) 2.43e-13 C(neighbour better) 12 D 0 [57 dense, 258 s]
  n=16 AR_2_th_90   B(path) 8.87e-13 B(grid) 8.87e-13 extra 0/1 C(max|d|) 2.86e-13 C(neighbour better) 13 D 1 [55 dense, 252 s]
  n=16 AR_3_th_0    B(path) 6.50e-07 B(grid) 7.94e-13 extra 1/0 C(max|d|) 8.10e-13 C(neighbour better) 11 D 1 [53 dense, 256 s]
  n=16 AR_3_th_15   B(path) 8.33e-07 B(grid) 9.54e-13 extra 0/0 C(max|d|) 3.96e-13 C(neighbour better) 12 D 0 [57 dense, 272 s]
  n=16 AR_3_th_30   B(path) 5.53e-07 B(grid) 8.32e-13 extra 0/0 C(max|d|) 2.67e-13 C(neighbour better) 11 D 0 [57 dense, 266 s]
  n=16 AR_3_th_45   B(path) 4.97e-07 B(grid) 1.09e-12 extra 0/0 C(max|d|) 2.73e-13 C(neighbour better) 8 D 0 [59 dense, 268 s]
  n=16 AR_3_th_60   B(path) 8.92e-08 B(grid) 5.40e-13 extra 0/0 C(max|d|) 4.30e-13 C(neighbour better) 10 D 0 [57 dense, 252 s]
  n=16 AR_3_th_75   B(path) 3.23e-07 B(grid) 9.19e-13 extra 0/0 C(max|d|) 3.34e-13 C(neighbour better) 12 D 0 [57 dense, 258 s]
  n=16 AR_3_th_90   B(path) 8.45e-07 B(grid) 8.14e-13 extra 0/1 C(max|d|) 3.56e-13 C(neighbour better) 13 D 1 [55 dense, 248 s]
  n=16 AR_5_th_0    B(path) 1.24e-06 B(grid) 1.18e-12 extra 0/0 C(max|d|) 3.44e-13 C(neighbour better) 10 D 1 [54 dense, 244 s]
  n=16 AR_5_th_15   B(path) 6.73e-07 B(grid) 1.43e-12 extra 0/0 C(max|d|) 4.92e-13 C(neighbour better) 12 D 0 [60 dense, 271 s]
  n=16 AR_5_th_30   B(path) 1.55e-06 B(grid) 1.47e-12 extra 0/0 C(max|d|) 1.63e-13 C(neighbour better) 9 D 0 [59 dense, 271 s]
  n=16 AR_5_th_45   B(path) 6.23e-13 B(grid) 6.83e-13 extra 0/0 C(max|d|) 3.07e-13 C(neighbour better) 11 D 0 [60 dense, 276 s]
  n=16 AR_5_th_60   B(path) 3.79e-07 B(grid) 1.17e-12 extra 0/0 C(max|d|) 3.61e-13 C(neighbour better) 11 D 0 [59 dense, 267 s]
  n=16 AR_5_th_75   B(path) 1.21e-06 B(grid) 9.60e-13 extra 0/0 C(max|d|) 2.50e-13 C(neighbour better) 12 D 0 [60 dense, 271 s]
  n=16 AR_5_th_90   B(path) 1.50e-06 B(grid) 7.04e-13 extra 0/0 C(max|d|) 4.24e-13 C(neighbour better) 12 D 1 [56 dense, 257 s]
  n=16 AR_7_th_0    B(path) 9.34e-07 B(grid) 1.21e-12 extra 1/0 C(max|d|) 7.39e-13 C(neighbour better) 9 D 1 [54 dense, 247 s]
  n=16 AR_7_th_15   B(path) 8.58e-08 B(grid) 1.88e-12 extra 0/0 C(max|d|) 5.62e-13 C(neighbour better) 10 D 0 [62 dense, 278 s]
  n=16 AR_7_th_30   B(path) 5.64e-07 B(grid) 1.71e-12 extra 0/0 C(max|d|) 5.66e-13 C(neighbour better) 11 D 0 [59 dense, 275 s]
  n=16 AR_7_th_45   B(path) 1.48e-06 B(grid) 1.60e-12 extra 0/0 C(max|d|) 5.44e-13 C(neighbour better) 8 D 0 [61 dense, 280 s]
  n=16 AR_7_th_60   B(path) 1.66e-12 B(grid) 1.66e-12 extra 0/0 C(max|d|) 8.50e-13 C(neighbour better) 9 D 0 [59 dense, 265 s]
  n=16 AR_7_th_75   B(path) 2.05e-12 B(grid) 2.05e-12 extra 0/0 C(max|d|) 7.19e-13 C(neighbour better) 11 D 0 [62 dense, 284 s]
  n=16 AR_7_th_90   B(path) 1.19e-06 B(grid) 1.04e-12 extra 0/1 C(max|d|) 6.84e-13 C(neighbour better) 13 D 1 [56 dense, 250 s]
  n=16 AR_10_th_0   B(path) 2.13e-06 B(grid) 2.33e-12 extra 1/0 C(max|d|) 8.44e-13 C(neighbour better) 9 D 1 [53 dense, 240 s]
  n=16 AR_10_th_15  B(path) 1.92e-08 B(grid) 2.34e-12 extra 0/0 C(max|d|) 6.51e-13 C(neighbour better) 15 D 0 [62 dense, 285 s]
  n=16 AR_10_th_30  B(path) 6.04e-07 B(grid) 2.73e-12 extra 0/0 C(max|d|) 1.31e-12 C(neighbour better) 14 D 0 [59 dense, 267 s]
  n=16 AR_10_th_45  B(path) 1.17e-12 B(grid) 1.17e-12 extra 0/0 C(max|d|) 6.10e-13 C(neighbour better) 10 D 0 [62 dense, 282 s]
  n=16 AR_10_th_60  B(path) 8.24e-07 B(grid) 1.71e-12 extra 0/0 C(max|d|) 6.22e-13 C(neighbour better) 12 D 0 [60 dense, 270 s]
  n=16 AR_10_th_90  B(path) 5.19e-07 B(grid) 2.76e-12 extra 0/1 C(max|d|) 1.39e-12 C(neighbour better) 13 D 1 [55 dense, 247 s]
  n=16 AR_10_th_75  B(path) 5.38e-07 B(grid) 1.62e-12 extra 0/0 C(max|d|) 7.99e-13 C(neighbour better) 12 D 0 [62 dense, 280 s]
summary: {
 "max_abs_dev_path": 2.128235345458015e-06,
 "max_abs_dev_grid": 2.7644553313166398e-12,
 "n_extra_stored_modes": 22,
 "max_abs_delta_extrema": 1.3868906023617456e-12,
 "n_neighbourhood_better": 453,
 "n_extrema_verified": 672,
 "n_classification_critical_rows": 18,
 "dense_solves": 2387
}
Phase E: n = 8 vs n = 16 claim-bearing comparison
mesh comparison summary: {
 "max_delta_GX_n8": 0.06773871906557183,
 "max_delta_GX_n16": 0.06773255883337903,
 "argmax_n8": 7.0,
 "argmax_n8_theta": 0.0,
 "argmax_n16": 7.0,
 "argmax_n16_theta": 0.0,
 "classification_changes": 0,
 "max_abs_diff_delta_complete": 0.005727262898882479,
 "max_abs_diff_omega_X": 1.378397884099769e-05,
 "max_abs_diff_omega_M": 2.0303622267014987e-05
}
verification finished in 5229.9 s
